../Core/Src/main.c:145:5:main	8	static
../Core/Src/main.c:363:6:SystemClock_Config	96	static
../Core/Src/main.c:412:6:PeriphCommonClock_Config	144	static
../Core/Src/main.c:438:13:MX_ADC1_Init	48	static
../Core/Src/main.c:505:13:MX_ADC2_Init	32	static
../Core/Src/main.c:563:13:MX_SPI1_Init	8	static
../Core/Src/main.c:603:13:MX_GPIO_Init	48	static
../Core/Src/main.c:650:6:HAL_GPIO_EXTI_Callback	16	static
../Core/Src/main.c:662:6:SPI_write	16	static
../Core/Src/main.c:674:6:GLCD_data_write	16	static
../Core/Src/main.c:683:6:GLCD_command_write	16	static
../Core/Src/main.c:692:6:GLCD_init	8	static
../Core/Src/main.c:710:6:GLCD_setCursor	16	static
../Core/Src/main.c:716:6:GLCD_clear	16	static
../Core/Src/main.c:726:6:GLCD_putchar	24	static
../Core/Src/main.c:740:6:Error_Handler	4	static,ignoring_inline_asm
